[1/3] STEP 1/6: FROM node:20-alpine AS frontend
[1/3] STEP 2/6: WORKDIR /src/web
--> Using cache f442a5295050f5bab26026b424ed61d4f79d58057c8b796d811744a608939c7e
--> f442a5295050
[1/3] STEP 3/6: COPY web/package.json web/package-lock.json ./
--> Using cache 0030897df44cf2f5bd51acb4afa455d1181712a5d2c3a7402c4e1a67c303d7d9
--> 0030897df44c
[1/3] STEP 4/6: RUN npm ci --no-audit --no-fund
--> Using cache 9b27d1faec0554009a81ce178cc5d9b7c55271956c961d0dd8f493da1037e7ef
--> 9b27d1faec05
[1/3] STEP 5/6: COPY web/ ./
--> Using cache 8254a46fbe6c66043f1c763c5bb454c1e57f5217d47f0577ce789e604ce80cf2
--> 8254a46fbe6c
[1/3] STEP 6/6: RUN npm run build
--> Using cache 4920b27264f075c727281fbd73f3ddc64236f5b150bd9fdbb51e24494c71bc69
--> 4920b27264f0
[2/3] STEP 1/12: FROM golang:1.24-alpine AS builder
[2/3] STEP 2/12: WORKDIR /app
--> Using cache 3672b2d37bfea5dff8dd25b9c9136d3427942722e9233a174f6053c417710a4a
--> 3672b2d37bfe
[2/3] STEP 3/12: RUN apk add --no-cache bash curl git ca-certificates tzdata
--> Using cache fe43e08fe593b492ec391fec6ff6c760aa47482dfe14c6c5dcc42088a176102c
--> fe43e08fe593
[2/3] STEP 4/12: COPY go.mod go.sum ./
--> Using cache 1c65a038eb067fcd41638822aef76313765528f77a970963657dec42af7ef3af
--> 1c65a038eb06
[2/3] STEP 5/12: ARG GOPROXY=https://proxy.golang.org,direct
--> Using cache f1b79b504a4eda5856cebb34dfa0070a0fd1d3577fa15c663cda1eca5ff25a15
--> f1b79b504a4e
[2/3] STEP 6/12: ENV GOPROXY=${GOPROXY}
--> Using cache d75cd1ebdf5fe289e853ad03b0ae37715ed06a3a6af66a293599fc0290fcea52
--> d75cd1ebdf5f
[2/3] STEP 7/12: RUN go mod download
--> Using cache 81457ac3ecfe56f4746b2a5a5dfe41d1628c81b5f1d21c0c8fc36f17db0b9003
--> 81457ac3ecfe
[2/3] STEP 8/12: COPY . .
--> Using cache ace680f66979af04b06dba89622ac92c621ba9fe385303258dee2245039d2f56
--> ace680f66979
[2/3] STEP 9/12: COPY --from=frontend /src/resource/public ./resource/public
--> Using cache 4558947484abcf78978c542b0a9330edeb289e3894c7414f48532de20ca23f32
--> 4558947484ab
[2/3] STEP 10/12: RUN SKIP_UI=1 ./hack/pack.sh
Downloading gf CLI: https://github.com/gogf/gf/releases/download/v2.10.0/gf_linux_arm64
v2.10.0
Welcome to GoFrame!
Env Detail:
  Go Version: go1.24.13 linux/arm64
  GF Version(go.mod): 
    github.com/gogf/gf/v2@v2.10.0
CLI Detail:
  Installed At: /tmp/gf-1
  Built Go Version: go1.25.6
  Built GF Version: v2.10.0
  Git Commit: 2026-01-26 20:37:48 8c8c7c8c71ce428b8d81cd3967c1912fb4ce727b
  Built Time: 2026-01-26 20:39:57
Others Detail:
  Docs: https://goframe.org
  Now : 2026-09-09T13:28:02Z
a3272581fedb244e31bef376f5eefe4c7c5fb9905dfa26cf7add06753091ddc5  /tmp/gf-1
Packing resource -> internal/packed/packed.go via /tmp/gf-1
path 'internal/packed/packed.go' is not empty, files might be overwrote, continue? [y/n]: done!
OK: internal/packed/packed.go (420234 bytes, gres.Add present)
--> e3484eb63dcd
[2/3] STEP 11/12: ARG GO_BUILD_TAGS=""
--> 79d2c6567607
[2/3] STEP 12/12: RUN CGO_ENABLED=0 GOOS=linux go build -p 1 -tags="${GO_BUILD_TAGS}" -ldflags="-s -w" -o /app/main .
--> 9572d79ff6d5
[3/3] STEP 1/12: FROM alpine:3.19
[3/3] STEP 2/12: WORKDIR /app
--> e0b3eb3f1118
[3/3] STEP 3/12: RUN apk add --no-cache ca-certificates tzdata
fetch https://dl-cdn.alpinelinux.org/alpine/v3.19/main/aarch64/APKINDEX.tar.gz
fetch https://dl-cdn.alpinelinux.org/alpine/v3.19/community/aarch64/APKINDEX.tar.gz
(1/2) Installing ca-certificates (20250911-r0)
(2/2) Installing tzdata (2025b-r0)
Executing busybox-1.36.1-r20.trigger
Executing ca-certificates-20250911-r0.trigger
OK: 11 MiB in 17 packages
--> 6e4cf5b5e4c8
[3/3] STEP 4/12: RUN addgroup -g 1001 etl && adduser -D -u 1001 -G etl etl
--> e6b28eea0302
[3/3] STEP 5/12: COPY --from=builder /app/main .
--> 00e13306a04f
[3/3] STEP 6/12: COPY --from=builder /app/resource ./resource
--> c313a89f9664
[3/3] STEP 7/12: COPY --from=builder /app/manifest ./manifest
--> 6e581afe2b07
[3/3] STEP 8/12: RUN mkdir -p pipes data/checkpoint data/dlq data/output && chown -R etl:etl /app
--> 7607673d3cd5
[3/3] STEP 9/12: USER etl
--> 558f5e5cd6d5
[3/3] STEP 10/12: EXPOSE 8000 8001
--> 807c23beb902
[3/3] STEP 11/12: HEALTHCHECK --interval=30s --timeout=5s --start-period=10s --retries=3   CMD wget -qO- http://localhost:8000/api/v2/health >/dev/null 2>&1 ||       wget --no-check-certificate -qO- https://localhost:8000/api/v2/health >/dev/null 2>&1 || exit 1
--> 75952e2756d5
[3/3] STEP 12/12: CMD ["./main"]
[3/3] COMMIT localhost/openetl-baseline-ed6eaf86c603:default
--> 1e6a458706d0
Successfully tagged localhost/openetl-baseline-ed6eaf86c603:default
1e6a458706d0e5e37744e2088fa02ce991958bd7c1ef56162805763c830e49ce
