=== RUN   TestBackupSQLStoreAndSecretScan
--- PASS: TestBackupSQLStoreAndSecretScan (0.02s)
=== RUN   TestSecretFieldStoreEncryptsConnectionAndSettings
2026-09-07T22:11:38.392+08:00 [WARN] Secret field uses legacy name fallback; add a descriptor: kind="source" type="mysql_batch" field="password"
2026-09-07T22:11:38.392+08:00 [WARN] Secret field uses legacy name fallback; add a descriptor: kind="source" type="mysql_batch" field="api_token"
--- PASS: TestSecretFieldStoreEncryptsConnectionAndSettings (0.02s)
=== RUN   TestSecretFieldStoreLegacyPlaintextReadableAndReencrypted
2026-09-07T22:11:38.405+08:00 [WARN] Secret field uses legacy name fallback; add a descriptor: kind="source" type="mysql" field="password"
--- PASS: TestSecretFieldStoreLegacyPlaintextReadableAndReencrypted (0.01s)
=== RUN   TestSecretFieldStoreRotationAndWrongKey
--- PASS: TestSecretFieldStoreRotationAndWrongKey (0.01s)
=== RUN   TestSecretFieldStoreMalformedCiphertext
--- PASS: TestSecretFieldStoreMalformedCiphertext (0.01s)
=== RUN   TestEncryptConfigSecretsDisabledCipherKeepsPlaintext
--- PASS: TestEncryptConfigSecretsDisabledCipherKeepsPlaintext (0.00s)
=== RUN   TestConfigContainsPlaintextSecret
--- PASS: TestConfigContainsPlaintextSecret (0.00s)
=== RUN   TestPlaintextMigrationRequiresKeyAndResumes
--- PASS: TestPlaintextMigrationRequiresKeyAndResumes (0.01s)
=== RUN   TestSecretScanReportDoesNotEchoCredential
--- PASS: TestSecretScanReportDoesNotEchoCredential (0.00s)
=== RUN   TestDetectPlaintextSecretsIsReadOnly
--- PASS: TestDetectPlaintextSecretsIsReadOnly (0.01s)
=== RUN   TestDetectPlaintextSettings
2026-09-07T22:11:38.463+08:00 [WARN] Secret field uses legacy name fallback; add a descriptor: kind="" type="" field="alert.smtp_password"
--- PASS: TestDetectPlaintextSettings (0.01s)
=== RUN   TestDescriptorResolverIsSecretSourceOfTruth
2026-09-07T22:11:38.473+08:00 [WARN] Secret field uses legacy name fallback; add a descriptor: kind="sink" type="jdbc" field="password"
--- PASS: TestDescriptorResolverIsSecretSourceOfTruth (0.01s)
=== RUN   TestFallbackSecretWritesCounterIsObservable
2026-09-07T22:11:38.484+08:00 [WARN] Secret field uses legacy name fallback; add a descriptor: kind="source" type="custom" field="api_token"
--- PASS: TestFallbackSecretWritesCounterIsObservable (0.01s)
PASS
ok  	github.com/a8851625/openetl-go/internal/etl/storage	0.576s
=== RUN   TestBackupProductContainsNoPlaintextDSN
--- PASS: TestBackupProductContainsNoPlaintextDSN (0.03s)
PASS
ok  	github.com/a8851625/openetl-go/internal/etl/storage/backup	0.775s
=== RUN   TestConnectionContextIncludesRecommendationsAndDescriptor
2026-09-07T22:11:41.111+08:00 [WARN] ETL_SPEC_ENCRYPTION_KEY is not set — new pipeline specs and connection/settings secrets will be stored in plaintext; encrypted rows will fail to load until their key is configured
--- PASS: TestConnectionContextIncludesRecommendationsAndDescriptor (0.07s)
=== RUN   TestConnectionSavePreservesMaskedSecrets
2026-09-07T22:11:41.169+08:00 [WARN] ETL_SPEC_ENCRYPTION_KEY is not set — new pipeline specs and connection/settings secrets will be stored in plaintext; encrypted rows will fail to load until their key is configured
--- PASS: TestConnectionSavePreservesMaskedSecrets (0.06s)
=== RUN   TestPipelineUpdatePreservesMaskedSecrets
2026-09-07T22:11:41.226+08:00 [WARN] ETL_SPEC_ENCRYPTION_KEY is not set — new pipeline specs and connection/settings secrets will be stored in plaintext; encrypted rows will fail to load until their key is configured
2026-09-07T22:11:41.254+08:00 [WARN] Secret field uses legacy name fallback; add a descriptor: kind="source" type="file" field="password"
2026-09-07T22:11:41.262+08:00 [WARN] Secret field uses legacy name fallback; add a descriptor: kind="sink" type="file_sink" field="password"
--- PASS: TestPipelineUpdatePreservesMaskedSecrets (0.09s)
=== RUN   TestFieldScopeAnnotationOnDescriptors
--- PASS: TestFieldScopeAnnotationOnDescriptors (0.09s)
=== RUN   TestEveryDescriptorSecretIsEncryptedMaskedAndPreserved
=== RUN   TestEveryDescriptorSecretIsEncryptedMaskedAndPreserved/sink/clickhouse
=== RUN   TestEveryDescriptorSecretIsEncryptedMaskedAndPreserved/sink/doris
=== RUN   TestEveryDescriptorSecretIsEncryptedMaskedAndPreserved/sink/elasticsearch
=== RUN   TestEveryDescriptorSecretIsEncryptedMaskedAndPreserved/sink/es
=== RUN   TestEveryDescriptorSecretIsEncryptedMaskedAndPreserved/sink/jdbc
=== RUN   TestEveryDescriptorSecretIsEncryptedMaskedAndPreserved/sink/kafka
=== RUN   TestEveryDescriptorSecretIsEncryptedMaskedAndPreserved/sink/maxcompute
=== RUN   TestEveryDescriptorSecretIsEncryptedMaskedAndPreserved/sink/mysql
=== RUN   TestEveryDescriptorSecretIsEncryptedMaskedAndPreserved/sink/odps
=== RUN   TestEveryDescriptorSecretIsEncryptedMaskedAndPreserved/sink/postgres
=== RUN   TestEveryDescriptorSecretIsEncryptedMaskedAndPreserved/sink/postgresql
=== RUN   TestEveryDescriptorSecretIsEncryptedMaskedAndPreserved/sink/redis
=== RUN   TestEveryDescriptorSecretIsEncryptedMaskedAndPreserved/sink/s3
=== RUN   TestEveryDescriptorSecretIsEncryptedMaskedAndPreserved/source/feishu_sheet
=== RUN   TestEveryDescriptorSecretIsEncryptedMaskedAndPreserved/source/github
=== RUN   TestEveryDescriptorSecretIsEncryptedMaskedAndPreserved/source/http
=== RUN   TestEveryDescriptorSecretIsEncryptedMaskedAndPreserved/source/hubspot
=== RUN   TestEveryDescriptorSecretIsEncryptedMaskedAndPreserved/source/kafka
=== RUN   TestEveryDescriptorSecretIsEncryptedMaskedAndPreserved/source/mysql_batch
=== RUN   TestEveryDescriptorSecretIsEncryptedMaskedAndPreserved/source/mysql_cdc
=== RUN   TestEveryDescriptorSecretIsEncryptedMaskedAndPreserved/source/mysql_snapshot_cdc
=== RUN   TestEveryDescriptorSecretIsEncryptedMaskedAndPreserved/source/notion
=== RUN   TestEveryDescriptorSecretIsEncryptedMaskedAndPreserved/source/postgres_cdc
=== RUN   TestEveryDescriptorSecretIsEncryptedMaskedAndPreserved/source/redis
=== RUN   TestEveryDescriptorSecretIsEncryptedMaskedAndPreserved/source/rest_source
=== RUN   TestEveryDescriptorSecretIsEncryptedMaskedAndPreserved/source/salesforce
=== RUN   TestEveryDescriptorSecretIsEncryptedMaskedAndPreserved/source/stripe
=== RUN   TestEveryDescriptorSecretIsEncryptedMaskedAndPreserved/transform/dbt
=== RUN   TestEveryDescriptorSecretIsEncryptedMaskedAndPreserved/transform/enricher
=== RUN   TestEveryDescriptorSecretIsEncryptedMaskedAndPreserved/transform/lookup
=== RUN   TestEveryDescriptorSecretIsEncryptedMaskedAndPreserved/transform/tap
=== NAME  TestEveryDescriptorSecretIsEncryptedMaskedAndPreserved
    descriptor_secret_api_test.go:94: encrypted, masked and preserved 78 descriptor secret fields
--- PASS: TestEveryDescriptorSecretIsEncryptedMaskedAndPreserved (1.16s)
    --- PASS: TestEveryDescriptorSecretIsEncryptedMaskedAndPreserved/sink/clickhouse (0.03s)
    --- PASS: TestEveryDescriptorSecretIsEncryptedMaskedAndPreserved/sink/doris (0.04s)
    --- PASS: TestEveryDescriptorSecretIsEncryptedMaskedAndPreserved/sink/elasticsearch (0.04s)
    --- PASS: TestEveryDescriptorSecretIsEncryptedMaskedAndPreserved/sink/es (0.04s)
    --- PASS: TestEveryDescriptorSecretIsEncryptedMaskedAndPreserved/sink/jdbc (0.04s)
    --- PASS: TestEveryDescriptorSecretIsEncryptedMaskedAndPreserved/sink/kafka (0.04s)
    --- PASS: TestEveryDescriptorSecretIsEncryptedMaskedAndPreserved/sink/maxcompute (0.04s)
    --- PASS: TestEveryDescriptorSecretIsEncryptedMaskedAndPreserved/sink/mysql (0.04s)
    --- PASS: TestEveryDescriptorSecretIsEncryptedMaskedAndPreserved/sink/odps (0.04s)
    --- PASS: TestEveryDescriptorSecretIsEncryptedMaskedAndPreserved/sink/postgres (0.05s)
    --- PASS: TestEveryDescriptorSecretIsEncryptedMaskedAndPreserved/sink/postgresql (0.04s)
    --- PASS: TestEveryDescriptorSecretIsEncryptedMaskedAndPreserved/sink/redis (0.04s)
    --- PASS: TestEveryDescriptorSecretIsEncryptedMaskedAndPreserved/sink/s3 (0.04s)
    --- PASS: TestEveryDescriptorSecretIsEncryptedMaskedAndPreserved/source/feishu_sheet (0.03s)
    --- PASS: TestEveryDescriptorSecretIsEncryptedMaskedAndPreserved/source/github (0.04s)
    --- PASS: TestEveryDescriptorSecretIsEncryptedMaskedAndPreserved/source/http (0.04s)
    --- PASS: TestEveryDescriptorSecretIsEncryptedMaskedAndPreserved/source/hubspot (0.04s)
    --- PASS: TestEveryDescriptorSecretIsEncryptedMaskedAndPreserved/source/kafka (0.04s)
    --- PASS: TestEveryDescriptorSecretIsEncryptedMaskedAndPreserved/source/mysql_batch (0.04s)
    --- PASS: TestEveryDescriptorSecretIsEncryptedMaskedAndPreserved/source/mysql_cdc (0.04s)
    --- PASS: TestEveryDescriptorSecretIsEncryptedMaskedAndPreserved/source/mysql_snapshot_cdc (0.04s)
    --- PASS: TestEveryDescriptorSecretIsEncryptedMaskedAndPreserved/source/notion (0.04s)
    --- PASS: TestEveryDescriptorSecretIsEncryptedMaskedAndPreserved/source/postgres_cdc (0.04s)
    --- PASS: TestEveryDescriptorSecretIsEncryptedMaskedAndPreserved/source/redis (0.04s)
    --- PASS: TestEveryDescriptorSecretIsEncryptedMaskedAndPreserved/source/rest_source (0.03s)
    --- PASS: TestEveryDescriptorSecretIsEncryptedMaskedAndPreserved/source/salesforce (0.04s)
    --- PASS: TestEveryDescriptorSecretIsEncryptedMaskedAndPreserved/source/stripe (0.03s)
    --- PASS: TestEveryDescriptorSecretIsEncryptedMaskedAndPreserved/transform/dbt (0.04s)
    --- PASS: TestEveryDescriptorSecretIsEncryptedMaskedAndPreserved/transform/enricher (0.04s)
    --- PASS: TestEveryDescriptorSecretIsEncryptedMaskedAndPreserved/transform/lookup (0.04s)
    --- PASS: TestEveryDescriptorSecretIsEncryptedMaskedAndPreserved/transform/tap (0.04s)
=== RUN   TestDescriptorDSNMaskedInLinearAndDAGSpecs
--- PASS: TestDescriptorDSNMaskedInLinearAndDAGSpecs (0.07s)
=== RUN   TestDevelopmentProfileRemainsCompatibleWithoutProductionSecrets
2026-09-07T22:11:42.638+08:00 [WARN] ETL_SPEC_ENCRYPTION_KEY is not set — new pipeline specs and connection/settings secrets will be stored in plaintext; encrypted rows will fail to load until their key is configured
--- PASS: TestDevelopmentProfileRemainsCompatibleWithoutProductionSecrets (0.02s)
=== RUN   TestProductionProfileFailsClosedWithoutRequiredSecrets
--- PASS: TestProductionProfileFailsClosedWithoutRequiredSecrets (0.01s)
=== RUN   TestProductionProfileAcceptsCompletePinnedRuntimeSecrets
--- PASS: TestProductionProfileAcceptsCompletePinnedRuntimeSecrets (0.08s)
=== RUN   TestAllCredentialBearingFieldsAreMarkedSecret
    schema_secret_conformance_test.go:113: credential-bearing fields verified secret: 65
--- PASS: TestAllCredentialBearingFieldsAreMarkedSecret (0.00s)
=== RUN   TestFourDSNPathsAreSecret
--- PASS: TestFourDSNPathsAreSecret (0.00s)
=== RUN   TestDescriptorResolverCoversAllDeclaredSecrets
--- PASS: TestDescriptorResolverCoversAllDeclaredSecrets (0.02s)
=== RUN   TestConnectorDescriptorsMergeRegistrySchemaAndMetadata
--- PASS: TestConnectorDescriptorsMergeRegistrySchemaAndMetadata (0.01s)
=== RUN   TestConnectorDescriptorConfigContractMatchesSchemaExactly
--- PASS: TestConnectorDescriptorConfigContractMatchesSchemaExactly (0.01s)
=== RUN   TestConnectorDescriptorsEndpointIncludesMaturityLevels
2026-09-07T22:11:42.785+08:00 [WARN] ETL_SPEC_ENCRYPTION_KEY is not set — new pipeline specs and connection/settings secrets will be stored in plaintext; encrypted rows will fail to load until their key is configured
--- PASS: TestConnectorDescriptorsEndpointIncludesMaturityLevels (0.03s)
=== RUN   TestConnectionAndSettingsSecretEnvelopeAPI
2026-09-07T22:11:42.825+08:00 [WARN] Secret field uses legacy name fallback; add a descriptor: kind="source" type="identity" field="password"
--- PASS: TestConnectionAndSettingsSecretEnvelopeAPI (0.07s)
=== RUN   TestSecretEnvelopeWrongKeyFailsClosed
--- PASS: TestSecretEnvelopeWrongKeyFailsClosed (0.03s)
=== RUN   TestHealthSurfacesPlaintextSecrets
2026-09-07T22:11:42.914+08:00 [WARN] Startup detected plaintext secrets: connections=1 settings=0; stop writers and run --remediate-secrets with the encryption key configured
--- PASS: TestHealthSurfacesPlaintextSecrets (0.02s)
=== RUN   TestPreserveSecretConfigKeepsMaskedPassword
--- PASS: TestPreserveSecretConfigKeepsMaskedPassword (0.00s)
=== RUN   TestPreserveSecretConfigAllowsExplicitChange
--- PASS: TestPreserveSecretConfigAllowsExplicitChange (0.00s)
=== RUN   TestPreserveSecretConfigDropsPlaceholderWithoutExisting
--- PASS: TestPreserveSecretConfigDropsPlaceholderWithoutExisting (0.00s)
=== RUN   TestPreserveLinearSpecSecrets
--- PASS: TestPreserveLinearSpecSecrets (0.02s)
=== RUN   TestPreserveDAGSpecSecretsByNodeID
--- PASS: TestPreserveDAGSpecSecretsByNodeID (0.02s)
=== RUN   TestIsSecretPlaceholder
--- PASS: TestIsSecretPlaceholder (0.00s)
=== RUN   TestMergeConnectionConfigPreservesMaskedSecrets
--- PASS: TestMergeConnectionConfigPreservesMaskedSecrets (0.01s)
=== RUN   TestMaskConfigSecretsNested
--- PASS: TestMaskConfigSecretsNested (0.00s)
=== RUN   TestLegacySpecCiphertextRemainsReadable
2026-09-07T22:11:42.978+08:00 [INFO] Restored pipeline from DB: linear-file-demo (legacy-id)
--- PASS: TestLegacySpecCiphertextRemainsReadable (0.02s)
=== RUN   TestLegacyPlaintextSpecRecoveryFlow
2026-09-07T22:11:42.998+08:00 [WARN] ETL_SPEC_ENCRYPTION_KEY is not set — new pipeline specs and connection/settings secrets will be stored in plaintext; encrypted rows will fail to load until their key is configured
2026-09-07T22:11:42.998+08:00 [INFO] Restored pipeline from DB: linear-file-demo (legacy-plain-id)
2026-09-07T22:11:43.051+08:00 [INFO] Pipeline rolled back to version 1: legacy-plain-id
2026-09-07T22:11:43.062+08:00 [WARN] ETL_SPEC_ENCRYPTION_KEY is not set — new pipeline specs and connection/settings secrets will be stored in plaintext; encrypted rows will fail to load until their key is configured
2026-09-07T22:11:43.062+08:00 [INFO] Restored pipeline from DB: linear-file-demo (legacy-plain-id)
--- PASS: TestLegacyPlaintextSpecRecoveryFlow (0.08s)
=== RUN   TestTapDescriptorDoesNotAdvertiseUnimplementedAlertsOrMetrics
--- PASS: TestTapDescriptorDoesNotAdvertiseUnimplementedAlertsOrMetrics (0.01s)
PASS
ok  	github.com/a8851625/openetl-go/internal/etl/server	2.638s
=== RUN   TestBackupMaintenanceCLI
--- PASS: TestBackupMaintenanceCLI (0.40s)
PASS
ok  	github.com/a8851625/openetl-go/internal/cmd	1.651s
