==> sqlite: exact row fidelity, v1/v2, SQL failure rollback, artifact relocation, next IDs
=== RUN   TestBackupRestoreConformance
=== RUN   TestBackupRestoreConformance/sqlite
=== RUN   TestBackupRestoreConformance/sqlite/id_keyed_and_legacy_history_export
=== RUN   TestBackupRestoreConformance/sqlite/fidelity_and_rollback/wrapped=false
=== RUN   TestBackupRestoreConformance/sqlite/fidelity_and_rollback/wrapped=false/backup.wipe.pipelines
=== RUN   TestBackupRestoreConformance/sqlite/fidelity_and_rollback/wrapped=false/backup.restore.checkpoints
=== RUN   TestBackupRestoreConformance/sqlite/fidelity_and_rollback/wrapped=false/backup.restore.connections
=== RUN   TestBackupRestoreConformance/sqlite/fidelity_and_rollback/wrapped=true
=== RUN   TestBackupRestoreConformance/sqlite/fidelity_and_rollback/wrapped=true/backup.wipe.pipelines
=== RUN   TestBackupRestoreConformance/sqlite/fidelity_and_rollback/wrapped=true/backup.restore.checkpoints
=== RUN   TestBackupRestoreConformance/sqlite/fidelity_and_rollback/wrapped=true/backup.restore.connections
=== RUN   TestBackupRestoreConformance/sqlite/legacy_v1_and_unversioned
--- PASS: TestBackupRestoreConformance (0.71s)
    --- PASS: TestBackupRestoreConformance/sqlite (0.71s)
        --- PASS: TestBackupRestoreConformance/sqlite/id_keyed_and_legacy_history_export (0.03s)
        --- PASS: TestBackupRestoreConformance/sqlite/fidelity_and_rollback/wrapped=false (0.23s)
            --- PASS: TestBackupRestoreConformance/sqlite/fidelity_and_rollback/wrapped=false/backup.wipe.pipelines (0.03s)
            --- PASS: TestBackupRestoreConformance/sqlite/fidelity_and_rollback/wrapped=false/backup.restore.checkpoints (0.03s)
            --- PASS: TestBackupRestoreConformance/sqlite/fidelity_and_rollback/wrapped=false/backup.restore.connections (0.04s)
        --- PASS: TestBackupRestoreConformance/sqlite/fidelity_and_rollback/wrapped=true (0.22s)
            --- PASS: TestBackupRestoreConformance/sqlite/fidelity_and_rollback/wrapped=true/backup.wipe.pipelines (0.03s)
            --- PASS: TestBackupRestoreConformance/sqlite/fidelity_and_rollback/wrapped=true/backup.restore.checkpoints (0.03s)
            --- PASS: TestBackupRestoreConformance/sqlite/fidelity_and_rollback/wrapped=true/backup.restore.connections (0.03s)
        --- PASS: TestBackupRestoreConformance/sqlite/legacy_v1_and_unversioned (0.10s)
PASS
ok  	github.com/a8851625/openetl-go/internal/etl/storage/backup	2.581s
==> sqlite: fresh executable offline backup/restore and failed restore recovery
=== RUN   TestBackupMaintenanceCLI
--- PASS: TestBackupMaintenanceCLI (1.65s)
PASS
ok  	github.com/a8851625/openetl-go/internal/cmd	2.289s
==> sqlite: existing backup/restore and retention regression
=== RUN   TestBackupRestoreUpgradePath
=== RUN   TestBackupRestoreUpgradePath/sqlite
--- PASS: TestBackupRestoreUpgradePath (0.06s)
    --- PASS: TestBackupRestoreUpgradePath/sqlite (0.06s)
PASS
ok  	github.com/a8851625/openetl-go/internal/etl/storage	0.356s
ok  	github.com/a8851625/openetl-go/internal/etl/storage	0.528s
PR-1.3 sqlite backup/restore e2e PASS
