==> mysql: exact row fidelity, v1/v2, SQL failure rollback, artifact relocation, next IDs
=== RUN   TestBackupRestoreConformance
=== RUN   TestBackupRestoreConformance/mysql
=== RUN   TestBackupRestoreConformance/mysql/id_keyed_and_legacy_history_export
=== RUN   TestBackupRestoreConformance/mysql/fidelity_and_rollback/wrapped=false
=== RUN   TestBackupRestoreConformance/mysql/fidelity_and_rollback/wrapped=false/backup.wipe.pipelines
=== RUN   TestBackupRestoreConformance/mysql/fidelity_and_rollback/wrapped=false/backup.restore.checkpoints
=== RUN   TestBackupRestoreConformance/mysql/fidelity_and_rollback/wrapped=false/backup.restore.connections
=== RUN   TestBackupRestoreConformance/mysql/fidelity_and_rollback/wrapped=true
=== RUN   TestBackupRestoreConformance/mysql/fidelity_and_rollback/wrapped=true/backup.wipe.pipelines
=== RUN   TestBackupRestoreConformance/mysql/fidelity_and_rollback/wrapped=true/backup.restore.checkpoints
=== RUN   TestBackupRestoreConformance/mysql/fidelity_and_rollback/wrapped=true/backup.restore.connections
=== RUN   TestBackupRestoreConformance/mysql/legacy_v1_and_unversioned
--- PASS: TestBackupRestoreConformance (1.53s)
    --- PASS: TestBackupRestoreConformance/mysql (1.53s)
        --- PASS: TestBackupRestoreConformance/mysql/id_keyed_and_legacy_history_export (0.07s)
        --- PASS: TestBackupRestoreConformance/mysql/fidelity_and_rollback/wrapped=false (0.56s)
            --- PASS: TestBackupRestoreConformance/mysql/fidelity_and_rollback/wrapped=false/backup.wipe.pipelines (0.05s)
            --- PASS: TestBackupRestoreConformance/mysql/fidelity_and_rollback/wrapped=false/backup.restore.checkpoints (0.04s)
            --- PASS: TestBackupRestoreConformance/mysql/fidelity_and_rollback/wrapped=false/backup.restore.connections (0.07s)
        --- PASS: TestBackupRestoreConformance/mysql/fidelity_and_rollback/wrapped=true (0.33s)
            --- PASS: TestBackupRestoreConformance/mysql/fidelity_and_rollback/wrapped=true/backup.wipe.pipelines (0.04s)
            --- PASS: TestBackupRestoreConformance/mysql/fidelity_and_rollback/wrapped=true/backup.restore.checkpoints (0.04s)
            --- PASS: TestBackupRestoreConformance/mysql/fidelity_and_rollback/wrapped=true/backup.restore.connections (0.05s)
        --- PASS: TestBackupRestoreConformance/mysql/legacy_v1_and_unversioned (0.12s)
PASS
ok  	github.com/a8851625/openetl-go/internal/etl/storage/backup	2.932s
==> mysql: fresh executable offline backup/restore and failed restore recovery
=== RUN   TestBackupMaintenanceCLI
--- PASS: TestBackupMaintenanceCLI (1.84s)
PASS
ok  	github.com/a8851625/openetl-go/internal/cmd	2.487s
==> mysql: existing backup/restore and retention regression
=== RUN   TestBackupRestoreUpgradePath
=== RUN   TestBackupRestoreUpgradePath/mysql
--- PASS: TestBackupRestoreUpgradePath (0.17s)
    --- PASS: TestBackupRestoreUpgradePath/mysql (0.17s)
PASS
ok  	github.com/a8851625/openetl-go/internal/etl/storage	0.494s
ok  	github.com/a8851625/openetl-go/internal/etl/storage	0.351s
MYSQL_BACKUP_OK /var/folders/8g/vzwt595j07q_3mvm7g2xj_340000gp/T/openetl-backup-mysql.N4T4XD/logical/openetl-backup-20260908T133210Z pipelines 2 secret_hits 1
PR-1.3 mysql backup/restore e2e PASS
